....
----------------------------------------------------------------------
Ran 4 tests in 0.004s

OK
{
  "fragment_file": "/var/folders/ml/26tj6kfs5bq97k63t74_sfdm0000gp/T/tmp_2y9t32c/f.gz",
  "sha256": "c036743bcc3e21dce84f210a9a9fccafcdcb11b1d9a65856c3fb43aaa709a7e1",
  "bytes": 67,
  "fragment_records": 3,
  "read_support_sum": 103,
  "chr1_22_X_records": 2,
  "distinct_bare_barcodes": 2,
  "median_records_per_bare_barcode": 1.5,
  "median_chr1_22_X_records_per_bare_barcode": 1.0,
  "barcode_suffix_record_counts": {
    "1": 3
  },
  "records_by_number_of_matching_RNA_samples": {
    "2": 2,
    "1": 1
  },
  "barcodes_by_number_of_matching_RNA_samples": {
    "2": 1,
    "1": 1
  },
  "biological_cell_count": null,
  "usable_fragments_after_blacklist": null,
  "warning": "Bare barcodes are not globally unique cell IDs. Chromosome-filtered records are provisional, not fully QC-filtered usable depth."
}
